{'i': 0.048, ',': 0.018, ' ': 0.168, 'n': 0.064, 'e': 0.106, 'p': 0.008, 'h': 0.054, 'a': 0.074, 'v': 0.012, 'g': 0.038, 'b': 0.006, 'o': 0.058, 'r': 0.042, 'f': 0.036, 'd': 0.032, 'l': 0.028, 'y': 0.032, 't': 0.048, 's': 0.042, 'w': 0.01, '\n': 0.018, 'u': 0.008, 'm': 0.022, ';': 0.004, 'c': 0.014, 'k': 0.006, '.': 0.004, 'j': 0.002}
