{'t': 0.045, 'h': 0.045, 'e': 0.091, ' ': 0.182, 'q': 0.023, 'u': 0.045, 'i': 0.023, 'c': 0.023, 'k': 0.023, 'b': 0.023, 'r': 0.045, 'o': 0.091, 'w': 0.023, 'n': 0.023, 'f': 0.023, 'x': 0.023, 'j': 0.023, 'm': 0.023, 'p': 0.023, 'd': 0.045, 'v': 0.023, 'l': 0.023, 'a': 0.023, 'z': 0.023, 'y': 0.023, 'g': 0.023}
